
[1m[46m RUN [49m[22m [36mv3.2.4 [39m[90mC:/Users/renat/Projects/Vinkius/VinkiusLabs/mcp-fusion[39m

 [32mÔ£ô[39m packages/openapi/tests/config/GeneratorConfig.test.ts [2m([22m[2m14 tests[22m[2m)[22m[32m 4[2mms[22m[39m
 [32mÔ£ô[39m packages/openapi/tests/schema/ZodCompiler.test.ts [2m([22m[2m38 tests[22m[2m)[22m[32m 5[2mms[22m[39m
 [32mÔ£ô[39m packages/openapi/tests/mapper/EndpointMapper.test.ts [2m([22m[2m18 tests[22m[2m)[22m[32m 4[2mms[22m[39m
 [32mÔ£ô[39m packages/openapi/tests/emitter/CodeEmitter.test.ts [2m([22m[2m29 tests[22m[2m)[22m[32m 8[2mms[22m[39m
 [32mÔ£ô[39m packages/openapi/tests/parser/OpenApiParser.test.ts [2m([22m[2m32 tests[22m[2m)[22m[32m 43[2mms[22m[39m
 [32mÔ£ô[39m packages/openapi/tests/integration/Pipeline.test.ts [2m([22m[2m17 tests[22m[2m)[22m[32m 65[2mms[22m[39m

[2m Test Files [22m [1m[32m6 passed[39m[22m[90m (6)[39m
[2m      Tests [22m [1m[32m148 passed[39m[22m[90m (148)[39m
[2m   Start at [22m 18:56:57
[2m   Duration [22m 630ms[2m (transform 573ms, setup 0ms, collect 1.02s, tests 129ms, environment 2ms, prepare 1.06s)[22m

